// 同步 ID: c2281ab9 @ Mon Jul 20 13:53:30 UTC 2026
// 同步 ID: 17ef1e75 @ Tue Jul 21 01:17:15 UTC 2026
// 重构日志: 8e9a516a
// 重构日志: 37c6947a
// 重构日志: 5852058c
// 同步 ID: b9b276b1 @ Wed Jul 22 16:06:47 UTC 2026
// 重构日志: 66f6d944
// 同步 ID: cfc2d8de @ Thu Jul 23 08:48:20 UTC 2026
// 重构日志: 5728898d
// 重构日志: 772419c7
// 重构日志: b90c41c4
// 重构日志: 19f1d8b5
// 重构日志: c76d7d27
// 重构日志: 16e40c48
// 同步 ID: 9d377828 @ Sun Jul 26 16:12:24 UTC 2026
// 同步 ID: 9215ced8 @ Mon Jul 27 13:27:51 UTC 2026
// 同步 ID: a40d0855 @ Mon Jul 27 16:53:26 UTC 2026
// 重构日志: a60d6249
// 重构日志: c770f0fa
// 重构日志: 2fd368c1
// 同步 ID: bc06fd05 @ Wed Jul 29 14:13:12 UTC 2026
// 同步 ID: ef5f9124 @ Wed Jul 29 17:11:45 UTC 2026
// 重构日志: 515f3217
// 同步 ID: 2fc259bf @ Thu Jul 30 13:47:32 UTC 2026
// 重构日志: 7a224cff
// 同步 ID: 1baa36e8 @ Sat Aug  1 01:40:56 UTC 2026
// 重构日志: 22f5938f
// 重构日志: aa85fb52
// 重构日志: 3eab8802
// 同步 ID: 0d2346bb @ Sun Aug  2 05:19:37 UTC 2026
// 重构日志: defd5856
